[      56ms] [INFO] %c📡 [info] GET /data-sources/d1d7ed8b-9fe9-4cb1-8801-d28add4944d5/catalog
 color: inherit; @ http://localhost:4000/phoenix/live_reload/frame:1828
[      61ms] [INFO] %c📡 [info] Sent 200 in 6ms
 color: inherit; @ http://localhost:4000/phoenix/live_reload/frame:1828
[     158ms] [LOG] phx-GM78XGTBauiLVgFE mount:  -  {0: Object, p: Object, s: 35} @ http://localhost:4000/assets/js/app.js:2179
[    9999ms] [LOG] phx-GM78XGTBauiLVgFE update:  -  {0: Object, p: Object} @ http://localhost:4000/assets/js/app.js:2179
[   15449ms] [LOG] phx-GM78XGTBauiLVgFE update:  -  {0: Object, p: Object} @ http://localhost:4000/assets/js/app.js:2179
[   68318ms] [ERROR] %c📡 [notice] SIGTERM received - shutting down

 color: inherit; @ http://localhost:4000/phoenix/live_reload/frame:1828
[   68319ms] [INFO] %c📡 [info] DRAINING 1 of 1 total connection(s) for socket Phoenix.LiveView.Socket every 2000ms - round 1 of 1
 color: inherit; @ http://localhost:4000/phoenix/live_reload/frame:1828
[   68320ms] [INFO] %c📡 [info] DRAINING 1 of 1 total connection(s) for socket Phoenix.LiveReloader.Socket every 2000ms - round 1 of 1
 color: inherit; @ http://localhost:4000/phoenix/live_reload/frame:1828
[   68333ms] [ERROR] WebSocket connection to 'ws://localhost:4000/phoenix/live_reload/socket/websocket?vsn=2.0.0' failed: Error in connection establishment: net::ERR_CONNECTION_REFUSED @ http://localhost:4000/phoenix/live_reload/frame:1340
[   68344ms] [ERROR] WebSocket connection to 'ws://localhost:4000/live/websocket?_csrf_token=HgRafh0zRnk7B3VIEjA5WyQDJRsPayU5Wn3FEr6JIFA9jFJhFaHu_-KZ&_track_static%5B0%5D=http%3A%2F%2Flocalhost%3A4000%2Fassets%2Fcss%2Fapp.css&_track_static%5B1%5D=http%3A%2F%2Flocalhost%3A4000%2Fassets%2Fjs%2Fapp.js&_mounts=0&_mount_attempts=0&_live_referer=undefined&vsn=2.0.0' failed: Error in connection establishment: net::ERR_CONNECTION_REFUSED @ http://localhost:4000/assets/js/app.js:1233
[   68350ms] [ERROR] Failed to load resource: net::ERR_CONNECTION_REFUSED @ http://localhost:4000/live/longpoll?_csrf_token=HgRafh0zRnk7B3VIEjA5WyQDJRsPayU5Wn3FEr6JIFA9jFJhFaHu_-KZ&_track_static%5B0%5D=http%3A%2F%2Flocalhost%3A4000%2Fassets%2Fcss%2Fapp.css&_track_static%5B1%5D=http%3A%2F%2Flocalhost%3A4000%2Fassets%2Fjs%2Fapp.js&_mounts=0&_mount_attempts=0&_live_referer=undefined&vsn=2.0.0&:0
[   68358ms] [ERROR] Failed to load resource: net::ERR_CONNECTION_REFUSED @ http://localhost:4000/live/longpoll?_csrf_token=HgRafh0zRnk7B3VIEjA5WyQDJRsPayU5Wn3FEr6JIFA9jFJhFaHu_-KZ&_track_static%5B0%5D=http%3A%2F%2Flocalhost%3A4000%2Fassets%2Fcss%2Fapp.css&_track_static%5B1%5D=http%3A%2F%2Flocalhost%3A4000%2Fassets%2Fjs%2Fapp.js&_mounts=0&_mount_attempts=0&_live_referer=undefined&vsn=2.0.0&:0
[   68385ms] [ERROR] WebSocket connection to 'ws://localhost:4000/phoenix/live_reload/socket/websocket?vsn=2.0.0' failed: Error in connection establishment: net::ERR_CONNECTION_REFUSED @ http://localhost:4000/phoenix/live_reload/frame:1340
[   68409ms] [ERROR] Failed to load resource: net::ERR_CONNECTION_REFUSED @ http://localhost:4000/live/longpoll?_csrf_token=HgRafh0zRnk7B3VIEjA5WyQDJRsPayU5Wn3FEr6JIFA9jFJhFaHu_-KZ&_track_static%5B0%5D=http%3A%2F%2Flocalhost%3A4000%2Fassets%2Fcss%2Fapp.css&_track_static%5B1%5D=http%3A%2F%2Flocalhost%3A4000%2Fassets%2Fjs%2Fapp.js&_mounts=0&_mount_attempts=0&_live_referer=undefined&vsn=2.0.0&:0
[   68488ms] [ERROR] WebSocket connection to 'ws://localhost:4000/phoenix/live_reload/socket/websocket?vsn=2.0.0' failed: Error in connection establishment: net::ERR_CONNECTION_REFUSED @ http://localhost:4000/phoenix/live_reload/frame:1340
[   68512ms] [ERROR] Failed to load resource: net::ERR_CONNECTION_REFUSED @ http://localhost:4000/live/longpoll?_csrf_token=HgRafh0zRnk7B3VIEjA5WyQDJRsPayU5Wn3FEr6JIFA9jFJhFaHu_-KZ&_track_static%5B0%5D=http%3A%2F%2Flocalhost%3A4000%2Fassets%2Fcss%2Fapp.css&_track_static%5B1%5D=http%3A%2F%2Flocalhost%3A4000%2Fassets%2Fjs%2Fapp.js&_mounts=0&_mount_attempts=0&_live_referer=undefined&vsn=2.0.0&:0
[   68640ms] [ERROR] WebSocket connection to 'ws://localhost:4000/phoenix/live_reload/socket/websocket?vsn=2.0.0' failed: Error in connection establishment: net::ERR_CONNECTION_REFUSED @ http://localhost:4000/phoenix/live_reload/frame:1340
[   68665ms] [ERROR] Failed to load resource: net::ERR_CONNECTION_REFUSED @ http://localhost:4000/live/longpoll?_csrf_token=HgRafh0zRnk7B3VIEjA5WyQDJRsPayU5Wn3FEr6JIFA9jFJhFaHu_-KZ&_track_static%5B0%5D=http%3A%2F%2Flocalhost%3A4000%2Fassets%2Fcss%2Fapp.css&_track_static%5B1%5D=http%3A%2F%2Flocalhost%3A4000%2Fassets%2Fjs%2Fapp.js&_mounts=0&_mount_attempts=0&_live_referer=undefined&vsn=2.0.0&:0
[   68844ms] [ERROR] WebSocket connection to 'ws://localhost:4000/phoenix/live_reload/socket/websocket?vsn=2.0.0' failed: Error in connection establishment: net::ERR_CONNECTION_REFUSED @ http://localhost:4000/phoenix/live_reload/frame:1340
[   68867ms] [ERROR] Failed to load resource: net::ERR_CONNECTION_REFUSED @ http://localhost:4000/live/longpoll?_csrf_token=HgRafh0zRnk7B3VIEjA5WyQDJRsPayU5Wn3FEr6JIFA9jFJhFaHu_-KZ&_track_static%5B0%5D=http%3A%2F%2Flocalhost%3A4000%2Fassets%2Fcss%2Fapp.css&_track_static%5B1%5D=http%3A%2F%2Flocalhost%3A4000%2Fassets%2Fjs%2Fapp.js&_mounts=0&_mount_attempts=0&_live_referer=undefined&vsn=2.0.0&:0
[   69096ms] [ERROR] WebSocket connection to 'ws://localhost:4000/phoenix/live_reload/socket/websocket?vsn=2.0.0' failed: Error in connection establishment: net::ERR_CONNECTION_REFUSED @ http://localhost:4000/phoenix/live_reload/frame:1340
[   69121ms] [ERROR] Failed to load resource: net::ERR_CONNECTION_REFUSED @ http://localhost:4000/live/longpoll?_csrf_token=HgRafh0zRnk7B3VIEjA5WyQDJRsPayU5Wn3FEr6JIFA9jFJhFaHu_-KZ&_track_static%5B0%5D=http%3A%2F%2Flocalhost%3A4000%2Fassets%2Fcss%2Fapp.css&_track_static%5B1%5D=http%3A%2F%2Flocalhost%3A4000%2Fassets%2Fjs%2Fapp.js&_mounts=0&_mount_attempts=0&_live_referer=undefined&vsn=2.0.0&:0
[   69600ms] [ERROR] WebSocket connection to 'ws://localhost:4000/phoenix/live_reload/socket/websocket?vsn=2.0.0' failed: Error in connection establishment: net::ERR_CONNECTION_REFUSED @ http://localhost:4000/phoenix/live_reload/frame:1340
[   69626ms] [ERROR] Failed to load resource: net::ERR_CONNECTION_REFUSED @ http://localhost:4000/live/longpoll?_csrf_token=HgRafh0zRnk7B3VIEjA5WyQDJRsPayU5Wn3FEr6JIFA9jFJhFaHu_-KZ&_track_static%5B0%5D=http%3A%2F%2Flocalhost%3A4000%2Fassets%2Fcss%2Fapp.css&_track_static%5B1%5D=http%3A%2F%2Flocalhost%3A4000%2Fassets%2Fjs%2Fapp.js&_mounts=0&_mount_attempts=0&_live_referer=undefined&vsn=2.0.0&:0
[   70603ms] [ERROR] WebSocket connection to 'ws://localhost:4000/phoenix/live_reload/socket/websocket?vsn=2.0.0' failed: Error in connection establishment: net::ERR_CONNECTION_REFUSED @ http://localhost:4000/phoenix/live_reload/frame:1340
[   70630ms] [ERROR] Failed to load resource: net::ERR_CONNECTION_REFUSED @ http://localhost:4000/live/longpoll?_csrf_token=HgRafh0zRnk7B3VIEjA5WyQDJRsPayU5Wn3FEr6JIFA9jFJhFaHu_-KZ&_track_static%5B0%5D=http%3A%2F%2Flocalhost%3A4000%2Fassets%2Fcss%2Fapp.css&_track_static%5B1%5D=http%3A%2F%2Flocalhost%3A4000%2Fassets%2Fjs%2Fapp.js&_mounts=0&_mount_attempts=0&_live_referer=undefined&vsn=2.0.0&:0
[   72607ms] [ERROR] WebSocket connection to 'ws://localhost:4000/phoenix/live_reload/socket/websocket?vsn=2.0.0' failed: Error in connection establishment: net::ERR_CONNECTION_REFUSED @ http://localhost:4000/phoenix/live_reload/frame:1340
[   72634ms] [ERROR] Failed to load resource: net::ERR_CONNECTION_REFUSED @ http://localhost:4000/live/longpoll?_csrf_token=HgRafh0zRnk7B3VIEjA5WyQDJRsPayU5Wn3FEr6JIFA9jFJhFaHu_-KZ&_track_static%5B0%5D=http%3A%2F%2Flocalhost%3A4000%2Fassets%2Fcss%2Fapp.css&_track_static%5B1%5D=http%3A%2F%2Flocalhost%3A4000%2Fassets%2Fjs%2Fapp.js&_mounts=0&_mount_attempts=0&_live_referer=undefined&vsn=2.0.0&:0
[   77611ms] [ERROR] WebSocket connection to 'ws://localhost:4000/phoenix/live_reload/socket/websocket?vsn=2.0.0' failed: Error in connection establishment: net::ERR_CONNECTION_REFUSED @ http://localhost:4000/phoenix/live_reload/frame:1340
[   77637ms] [ERROR] Failed to load resource: net::ERR_CONNECTION_REFUSED @ http://localhost:4000/live/longpoll?_csrf_token=HgRafh0zRnk7B3VIEjA5WyQDJRsPayU5Wn3FEr6JIFA9jFJhFaHu_-KZ&_track_static%5B0%5D=http%3A%2F%2Flocalhost%3A4000%2Fassets%2Fcss%2Fapp.css&_track_static%5B1%5D=http%3A%2F%2Flocalhost%3A4000%2Fassets%2Fjs%2Fapp.js&_mounts=0&_mount_attempts=0&_live_referer=undefined&vsn=2.0.0&:0
[   82614ms] [ERROR] WebSocket connection to 'ws://localhost:4000/phoenix/live_reload/socket/websocket?vsn=2.0.0' failed: Error in connection establishment: net::ERR_CONNECTION_REFUSED @ http://localhost:4000/phoenix/live_reload/frame:1340
[   82640ms] [ERROR] Failed to load resource: net::ERR_CONNECTION_REFUSED @ http://localhost:4000/live/longpoll?_csrf_token=HgRafh0zRnk7B3VIEjA5WyQDJRsPayU5Wn3FEr6JIFA9jFJhFaHu_-KZ&_track_static%5B0%5D=http%3A%2F%2Flocalhost%3A4000%2Fassets%2Fcss%2Fapp.css&_track_static%5B1%5D=http%3A%2F%2Flocalhost%3A4000%2Fassets%2Fjs%2Fapp.js&_mounts=0&_mount_attempts=0&_live_referer=undefined&vsn=2.0.0&:0
[   87616ms] [ERROR] WebSocket connection to 'ws://localhost:4000/phoenix/live_reload/socket/websocket?vsn=2.0.0' failed: Error in connection establishment: net::ERR_CONNECTION_REFUSED @ http://localhost:4000/phoenix/live_reload/frame:1340
[   87643ms] [ERROR] Failed to load resource: net::ERR_CONNECTION_REFUSED @ http://localhost:4000/live/longpoll?_csrf_token=HgRafh0zRnk7B3VIEjA5WyQDJRsPayU5Wn3FEr6JIFA9jFJhFaHu_-KZ&_track_static%5B0%5D=http%3A%2F%2Flocalhost%3A4000%2Fassets%2Fcss%2Fapp.css&_track_static%5B1%5D=http%3A%2F%2Flocalhost%3A4000%2Fassets%2Fjs%2Fapp.js&_mounts=0&_mount_attempts=0&_live_referer=undefined&vsn=2.0.0&:0
[   92620ms] [ERROR] WebSocket connection to 'ws://localhost:4000/phoenix/live_reload/socket/websocket?vsn=2.0.0' failed: Error in connection establishment: net::ERR_CONNECTION_REFUSED @ http://localhost:4000/phoenix/live_reload/frame:1340
[   92647ms] [ERROR] Failed to load resource: net::ERR_CONNECTION_REFUSED @ http://localhost:4000/live/longpoll?_csrf_token=HgRafh0zRnk7B3VIEjA5WyQDJRsPayU5Wn3FEr6JIFA9jFJhFaHu_-KZ&_track_static%5B0%5D=http%3A%2F%2Flocalhost%3A4000%2Fassets%2Fcss%2Fapp.css&_track_static%5B1%5D=http%3A%2F%2Flocalhost%3A4000%2Fassets%2Fjs%2Fapp.js&_mounts=0&_mount_attempts=0&_live_referer=undefined&vsn=2.0.0&:0
[   97623ms] [ERROR] WebSocket connection to 'ws://localhost:4000/phoenix/live_reload/socket/websocket?vsn=2.0.0' failed: Error in connection establishment: net::ERR_CONNECTION_REFUSED @ http://localhost:4000/phoenix/live_reload/frame:1340
[   97651ms] [ERROR] Failed to load resource: net::ERR_CONNECTION_REFUSED @ http://localhost:4000/live/longpoll?_csrf_token=HgRafh0zRnk7B3VIEjA5WyQDJRsPayU5Wn3FEr6JIFA9jFJhFaHu_-KZ&_track_static%5B0%5D=http%3A%2F%2Flocalhost%3A4000%2Fassets%2Fcss%2Fapp.css&_track_static%5B1%5D=http%3A%2F%2Flocalhost%3A4000%2Fassets%2Fjs%2Fapp.js&_mounts=0&_mount_attempts=0&_live_referer=undefined&vsn=2.0.0&:0
[  102630ms] [ERROR] WebSocket connection to 'ws://localhost:4000/phoenix/live_reload/socket/websocket?vsn=2.0.0' failed: Error in connection establishment: net::ERR_CONNECTION_REFUSED @ http://localhost:4000/phoenix/live_reload/frame:1340
[  102652ms] [ERROR] Failed to load resource: net::ERR_CONNECTION_REFUSED @ http://localhost:4000/live/longpoll?_csrf_token=HgRafh0zRnk7B3VIEjA5WyQDJRsPayU5Wn3FEr6JIFA9jFJhFaHu_-KZ&_track_static%5B0%5D=http%3A%2F%2Flocalhost%3A4000%2Fassets%2Fcss%2Fapp.css&_track_static%5B1%5D=http%3A%2F%2Flocalhost%3A4000%2Fassets%2Fjs%2Fapp.js&_mounts=0&_mount_attempts=0&_live_referer=undefined&vsn=2.0.0&:0
[  107636ms] [ERROR] WebSocket connection to 'ws://localhost:4000/phoenix/live_reload/socket/websocket?vsn=2.0.0' failed: Error in connection establishment: net::ERR_CONNECTION_REFUSED @ http://localhost:4000/phoenix/live_reload/frame:1340
[  107656ms] [ERROR] Failed to load resource: net::ERR_CONNECTION_REFUSED @ http://localhost:4000/live/longpoll?_csrf_token=HgRafh0zRnk7B3VIEjA5WyQDJRsPayU5Wn3FEr6JIFA9jFJhFaHu_-KZ&_track_static%5B0%5D=http%3A%2F%2Flocalhost%3A4000%2Fassets%2Fcss%2Fapp.css&_track_static%5B1%5D=http%3A%2F%2Flocalhost%3A4000%2Fassets%2Fjs%2Fapp.js&_mounts=0&_mount_attempts=0&_live_referer=undefined&vsn=2.0.0&:0
[  112644ms] [ERROR] WebSocket connection to 'ws://localhost:4000/phoenix/live_reload/socket/websocket?vsn=2.0.0' failed: Error in connection establishment: net::ERR_CONNECTION_REFUSED @ http://localhost:4000/phoenix/live_reload/frame:1340
[  112672ms] [ERROR] Failed to load resource: net::ERR_CONNECTION_REFUSED @ http://localhost:4000/live/longpoll?_csrf_token=HgRafh0zRnk7B3VIEjA5WyQDJRsPayU5Wn3FEr6JIFA9jFJhFaHu_-KZ&_track_static%5B0%5D=http%3A%2F%2Flocalhost%3A4000%2Fassets%2Fcss%2Fapp.css&_track_static%5B1%5D=http%3A%2F%2Flocalhost%3A4000%2Fassets%2Fjs%2Fapp.js&_mounts=0&_mount_attempts=0&_live_referer=undefined&vsn=2.0.0&:0
