[     319ms] [INFO] %c📡 [info] CONNECTED TO Phoenix.LiveView.Socket in 15µs
  Transport: :websocket
  Serializer: Phoenix.Socket.V2.JSONSerializer
  Parameters: %{"_csrf_token" => "NhAlVRwzA1IyAAAhBnIzKgVEIk8Tfj4Caym6kuz5eBPMr9pC6ql9u8hi", "_live_referer" => "undefined", "_mount_attempts" => "0", "_mounts" => "0", "_track_static" => %{"0" => "http://localhost:4000/assets/css/app.css", "1" => "http://localhost:4000/assets/js/app.js"}, "vsn" => "2.0.0"}
 color: inherit; @ http://localhost:4000/phoenix/live_reload/frame:1828
[     324ms] [LOG] phx-GM78OVs3sUHzVADG mount:  -  {0: Object, p: Object, s: 32} @ http://localhost:4000/assets/js/app.js:2179
[   20762ms] [LOG] phx-GM78OVs3sUHzVADG update:  -  {0: Object} @ http://localhost:4000/assets/js/app.js:2179
[   20771ms] [LOG] phx-GM78OVs3sUHzVADG socket: disconnect for page nav -  undefined @ http://localhost:4000/assets/js/app.js:2179
[   20771ms] [LOG] phx-GM78OVs3sUHzVADG destroyed: the child has been removed from the parent -  undefined @ http://localhost:4000/assets/js/app.js:2179
[   20772ms] [LOG]  destroyed: the child has been removed from the parent -  undefined @ http://localhost:4000/assets/js/app.js:2179
[   20870ms] [INFO] %c📡 [info] POST /users/log-in
 color: inherit; @ http://localhost:4000/phoenix/live_reload/frame:1828
[   21035ms] [INFO] %c📡 [info] Sent 302 in 167ms
 color: inherit; @ http://localhost:4000/phoenix/live_reload/frame:1828
[   21136ms] [INFO] %c📡 [info] GET /dashboards
 color: inherit; @ http://localhost:4000/phoenix/live_reload/frame:1828
[   21154ms] [INFO] %c📡 [info] Sent 200 in 20ms
 color: inherit; @ http://localhost:4000/phoenix/live_reload/frame:1828
[   21333ms] [INFO] %c📡 [info] CONNECTED TO Phoenix.LiveView.Socket in 16µs
  Transport: :websocket
  Serializer: Phoenix.Socket.V2.JSONSerializer
  Parameters: %{"_csrf_token" => "MCIoW24LQFERCwIrOzAbfiYUXTwUIjQvyHAc6J0bcJ6ZCFhMDv0RDdZL", "_live_referer" => "undefined", "_mount_attempts" => "0", "_mounts" => "0", "_track_static" => %{"0" => "http://localhost:4000/assets/css/app.css", "1" => "http://localhost:4000/assets/js/app.js"}, "vsn" => "2.0.0"}
 color: inherit; @ http://localhost:4000/phoenix/live_reload/frame:1828
[   21349ms] [LOG] phx-GM78PkJu7dLuvACN mount:  -  {0: Object, p: Object, s: 31} @ http://localhost:4000/assets/js/app.js:2179
